0 verbose cli C:\Program Files\nodejs\node.exe C:\Users\Rakesh\AppData\Roaming\npm\node_modules\npm\bin\npm-cli.js
1 info using npm@12.0.2
2 info using node@v26.3.0
3 silly config load:file:C:\Users\Rakesh\AppData\Roaming\npm\node_modules\npm\npmrc
4 silly config load:file:D:\My Projects\APP\Expense Tracker\.npmrc
5 silly config load:file:C:\Users\Rakesh\.npmrc
6 silly config load:file:C:\Users\Rakesh\AppData\Roaming\npm\etc\npmrc
7 verbose title npm install babel-preset-expo@~57.0.14
8 verbose argv "install" "--save-dev" "babel-preset-expo@~57.0.14"
9 verbose logfile logs-max:10 dir:D:\My Projects\APP\Expense Tracker\.npm-cache\_logs\2026-10-08T12_30_23_455Z-
10 verbose logfile D:\My Projects\APP\Expense Tracker\.npm-cache\_logs\2026-10-08T12_30_23_455Z-debug-0.log
11 silly logfile done cleaning log files
12 silly packumentCache heap:2248146944 maxSize:562036736 maxEntrySize:281018368
13 silly idealTree buildDeps
14 silly fetch manifest babel-preset-expo@~57.0.14
15 silly packumentCache full:https://registry.npmjs.org/babel-preset-expo cache-miss
16 http fetch GET 200 https://registry.npmjs.org/npm 648ms
17 http fetch GET 200 https://registry.npmjs.org/babel-preset-expo 594ms (cache miss)
18 silly packumentCache full:https://registry.npmjs.org/babel-preset-expo set size:undefined disposed:false
19 silly fetch manifest @babel/runtime@^7.20.0
20 silly packumentCache full:https://registry.npmjs.org/@babel%2fruntime cache-miss
21 http fetch GET 200 https://registry.npmjs.org/@babel%2fruntime 743ms (cache miss)
22 silly packumentCache full:https://registry.npmjs.org/@babel%2fruntime set size:undefined disposed:false
23 silly fetch manifest expo@^57.0.27
24 silly packumentCache full:https://registry.npmjs.org/expo cache-miss
25 http fetch GET 200 https://registry.npmjs.org/expo 263ms (cache miss)
26 silly packumentCache full:https://registry.npmjs.org/expo set size:undefined disposed:false
27 silly fetch manifest @expo/metro-runtime@*
28 silly packumentCache full:https://registry.npmjs.org/@expo%2fmetro-runtime cache-miss
29 http fetch GET 200 https://registry.npmjs.org/@expo%2fmetro-runtime 96ms (cache miss)
30 silly packumentCache full:https://registry.npmjs.org/@expo%2fmetro-runtime set size:undefined disposed:false
31 silly fetch manifest react@19.2.3
32 silly packumentCache full:https://registry.npmjs.org/react cache-miss
33 http fetch GET 200 https://registry.npmjs.org/react 439ms (cache miss)
34 silly packumentCache full:https://registry.npmjs.org/react set size:undefined disposed:false
35 silly fetch manifest react-dom@*
36 silly packumentCache full:https://registry.npmjs.org/react-dom cache-miss
37 http fetch GET 200 https://registry.npmjs.org/react-dom 247ms (cache miss)
38 silly packumentCache full:https://registry.npmjs.org/react-dom set size:undefined disposed:false
39 silly fetch manifest react@^19.3.0
40 silly packumentCache full:https://registry.npmjs.org/react cache-miss
41 http cache https://registry.npmjs.org/react 39ms (cache hit)
42 silly packumentCache full:https://registry.npmjs.org/react set size:7026094 disposed:false
43 silly fetch manifest react-native@0.86.3
44 silly packumentCache full:https://registry.npmjs.org/react-native cache-miss
45 http fetch GET 200 https://registry.npmjs.org/react-native 290ms (cache miss)
46 silly packumentCache full:https://registry.npmjs.org/react-native set size:undefined disposed:false
47 silly fetch manifest @react-native/jest-preset@0.86.3
48 silly packumentCache full:https://registry.npmjs.org/@react-native%2fjest-preset cache-miss
49 http fetch GET 200 https://registry.npmjs.org/@react-native%2fjest-preset 330ms (cache miss)
50 silly packumentCache full:https://registry.npmjs.org/@react-native%2fjest-preset set size:undefined disposed:false
51 silly fetch manifest @types/react@^19.1.1
52 silly packumentCache full:https://registry.npmjs.org/@types%2freact cache-miss
53 http fetch GET 200 https://registry.npmjs.org/@types%2freact 148ms (cache miss)
54 silly packumentCache full:https://registry.npmjs.org/@types%2freact set size:undefined disposed:false
55 silly fetch manifest react-native-web@*
56 silly packumentCache full:https://registry.npmjs.org/react-native-web cache-miss
57 http fetch GET 200 https://registry.npmjs.org/react-native-web 122ms (cache miss)
58 silly packumentCache full:https://registry.npmjs.org/react-native-web set size:undefined disposed:false
59 silly fetch manifest react-native-webview@*
60 silly packumentCache full:https://registry.npmjs.org/react-native-webview cache-miss
61 http fetch GET 200 https://registry.npmjs.org/react-native-webview 122ms (cache miss)
62 silly packumentCache full:https://registry.npmjs.org/react-native-webview set size:undefined disposed:false
63 silly fetch manifest expo-widgets@^57.0.23
64 silly packumentCache full:https://registry.npmjs.org/expo-widgets cache-miss
65 http fetch GET 200 https://registry.npmjs.org/expo-widgets 386ms (cache miss)
66 silly packumentCache full:https://registry.npmjs.org/expo-widgets set size:undefined disposed:false
67 silly fetch manifest react-refresh@>=0.14.0 <1.0.0
68 silly packumentCache full:https://registry.npmjs.org/react-refresh cache-miss
69 http fetch GET 200 https://registry.npmjs.org/react-refresh 208ms (cache miss)
70 silly packumentCache full:https://registry.npmjs.org/react-refresh set size:undefined disposed:false
71 silly placeDep ROOT babel-preset-expo@57.0.14 OK for: expense-tracker@1.0.0 want: ~57.0.14
72 silly reify mark retired [
72 silly reify   'D:\\My Projects\\APP\\Expense Tracker\\node_modules\\expo\\node_modules\\babel-preset-expo'
72 silly reify ]
73 silly reify moves {
73 silly reify   'D:\\My Projects\\APP\\Expense Tracker\\node_modules\\expo\\node_modules\\babel-preset-expo': 'D:\\My Projects\\APP\\Expense Tracker\\node_modules\\expo\\node_modules\\.babel-preset-expo-VmGQGLKP'
73 silly reify }
74 silly audit bulk request {
74 silly audit   '@babel/code-frame': [ '7.29.7' ],
74 silly audit   '@babel/compat-data': [ '7.29.7' ],
74 silly audit   '@babel/core': [ '7.29.7' ],
74 silly audit   '@babel/generator': [ '7.29.8' ],
74 silly audit   '@babel/helper-annotate-as-pure': [ '7.29.7' ],
74 silly audit   '@babel/helper-compilation-targets': [ '7.29.7' ],
74 silly audit   '@babel/helper-create-class-features-plugin': [ '7.29.7' ],
74 silly audit   '@babel/helper-create-regexp-features-plugin': [ '7.29.10' ],
74 silly audit   '@babel/helper-define-polyfill-provider': [ '0.6.8' ],
74 silly audit   '@babel/helper-globals': [ '7.29.7' ],
74 silly audit   '@babel/helper-member-expression-to-functions': [ '7.29.7' ],
74 silly audit   '@babel/helper-module-imports': [ '7.29.7' ],
74 silly audit   '@babel/helper-module-transforms': [ '7.29.7' ],
74 silly audit   '@babel/helper-optimise-call-expression': [ '7.29.7' ],
74 silly audit   '@babel/helper-plugin-utils': [ '7.29.7' ],
74 silly audit   '@babel/helper-remap-async-to-generator': [ '7.29.7' ],
74 silly audit   '@babel/helper-replace-supers': [ '7.29.7' ],
74 silly audit   '@babel/helper-skip-transparent-expression-wrappers': [ '7.29.7' ],
74 silly audit   '@babel/helper-string-parser': [ '7.29.7' ],
74 silly audit   '@babel/helper-validator-identifier': [ '7.29.7' ],
74 silly audit   '@babel/helper-validator-option': [ '7.29.7' ],
74 silly audit   '@babel/helper-wrap-function': [ '7.29.7' ],
74 silly audit   '@babel/helpers': [ '7.29.10' ],
74 silly audit   '@babel/parser': [ '7.29.9' ],
74 silly audit   '@babel/plugin-proposal-decorators': [ '7.29.7' ],
74 silly audit   '@babel/plugin-proposal-export-default-from': [ '7.29.7' ],
74 silly audit   '@babel/plugin-syntax-decorators': [ '7.29.7' ],
74 silly audit   '@babel/plugin-syntax-dynamic-import': [ '7.8.3' ],
74 silly audit   '@babel/plugin-syntax-export-default-from': [ '7.29.7' ],
74 silly audit   '@babel/plugin-syntax-flow': [ '7.29.7' ],
74 silly audit   '@babel/plugin-syntax-jsx': [ '7.29.7' ],
74 silly audit   '@babel/plugin-syntax-nullish-coalescing-operator': [ '7.8.3' ],
74 silly audit   '@babel/plugin-syntax-optional-chaining': [ '7.8.3' ],
74 silly audit   '@babel/plugin-syntax-typescript': [ '7.29.7' ],
74 silly audit   '@babel/plugin-transform-async-generator-functions': [ '7.29.7' ],
74 silly audit   '@babel/plugin-transform-async-to-generator': [ '7.29.7' ],
74 silly audit   '@babel/plugin-transform-block-scoping': [ '7.29.7' ],
74 silly audit   '@babel/plugin-transform-class-properties': [ '7.29.7' ],
74 silly audit   '@babel/plugin-transform-class-static-block': [ '7.29.7' ],
74 silly audit   '@babel/plugin-transform-classes': [ '7.29.7' ],
74 silly audit   '@babel/plugin-transform-destructuring': [ '7.29.7' ],
74 silly audit   '@babel/plugin-transform-export-namespace-from': [ '7.29.7' ],
74 silly audit   '@babel/plugin-transform-flow-strip-types': [ '7.29.7' ],
74 silly audit   '@babel/plugin-transform-for-of': [ '7.29.7' ],
74 silly audit   '@babel/plugin-transform-logical-assignment-operators': [ '7.29.7' ],
74 silly audit   '@babel/plugin-transform-modules-commonjs': [ '7.29.7' ],
74 silly audit   '@babel/plugin-transform-named-capturing-groups-regex': [ '7.29.7' ],
74 silly audit   '@babel/plugin-transform-nullish-coalescing-operator': [ '7.29.7' ],
74 silly audit   '@babel/plugin-transform-object-rest-spread': [ '7.29.7' ],
74 silly audit   '@babel/plugin-transform-optional-catch-binding': [ '7.29.7' ],
74 silly audit   '@babel/plugin-transform-optional-chaining': [ '7.29.7' ],
74 silly audit   '@babel/plugin-transform-parameters': [ '7.29.7' ],
74 silly audit   '@babel/plugin-transform-private-methods': [ '7.29.7' ],
74 silly audit   '@babel/plugin-transform-private-property-in-object': [ '7.29.7' ],
74 silly audit   '@babel/plugin-transform-react-display-name': [ '7.29.7' ],
74 silly audit   '@babel/plugin-transform-react-jsx': [ '7.29.7' ],
74 silly audit   '@babel/plugin-transform-react-jsx-development': [ '7.29.7' ],
74 silly audit   '@babel/plugin-transform-react-pure-annotations': [ '7.29.7' ],
74 silly audit   '@babel/plugin-transform-runtime': [ '7.29.7' ],
74 silly audit   '@babel/plugin-transform-typescript': [ '7.29.9' ],
74 silly audit   '@babel/plugin-transform-unicode-regex': [ '7.29.7' ],
74 silly audit   '@babel/preset-typescript': [ '7.29.7' ],
74 silly audit   '@babel/runtime': [ '7.29.10' ],
74 silly audit   '@babel/template': [ '7.29.7' ],
74 silly audit   '@babel/traverse': [ '7.29.10' ],
74 silly audit   '@babel/types': [ '7.29.8' ],
74 silly audit   '@expo/code-signing-certificates': [ '0.0.6' ],
74 silly audit   '@expo/config': [ '57.0.10' ],
74 silly audit   '@expo/config-plugins': [ '57.0.10' ],
74 silly audit   semver: [ '7.8.5', '6.3.1' ],
74 silly audit   '@expo/config-types': [ '57.0.2' ],
74 silly audit   '@expo/devcert': [ '1.2.2' ],
74 silly audit   debug: [ '3.2.7', '2.6.9', '4.4.3' ],
74 silly audit   '@expo/devtools': [ '57.0.1' ],
74 silly audit   '@expo/env': [ '2.4.3' ],
74 silly audit   '@expo/expo-modules-macros-plugin': [ '0.6.1' ],
74 silly audit   '@expo/fingerprint': [ '0.20.13' ],
74 silly audit   '@expo/image-utils': [ '0.11.6' ],
74 silly audit   '@expo/inline-modules': [ '0.1.7' ],
74 silly audit   '@expo/json-file': [ '11.0.1' ],
74 silly audit   '@expo/local-build-cache-provider': [ '57.0.8' ],
74 silly audit   '@expo/metro': [ '56.0.2' ],
74 silly audit   '@expo/metro-file-map': [ '57.0.4' ],
74 silly audit   '@expo/osascript': [ '2.7.1' ],
74 silly audit   '@expo/package-manager': [ '1.13.1' ],
74 silly audit   '@expo/plist': [ '0.8.1' ],
74 silly audit   '@expo/prebuild-config': [ '57.0.17' ],
74 silly audit   '@expo/require-utils': [ '57.0.6' ],
74 silly audit   '@expo/schema-utils': [ '57.0.2' ],
74 silly audit   '@expo/sdk-runtime-versions': [ '1.0.1' ],
74 silly audit   '@expo/spawn-async': [ '1.8.0' ],
74 silly audit   '@expo/sudo-prompt': [ '9.3.2' ],
74 silly audit   '@expo/vector-icons': [ '15.1.1' ],
74 silly audit   '@expo/xcpretty': [ '4.4.6' ],
74 silly audit   '@isaacs/ttlcache': [ '1.4.1' ],
74 silly audit   '@jest/schemas': [ '29.6.3' ],
74 silly audit   '@jest/types': [ '29.6.3' ],
74 silly audit   '@jridgewell/gen-mapping': [ '0.3.13' ],
74 silly audit   '@jridgewell/remapping': [ '2.3.5' ],
74 silly audit   '@jridgewell/resolve-uri': [ '3.1.2' ],
74 silly audit   '@jridgewell/source-map': [ '0.3.11' ],
74 silly audit   '@jridgewell/sourcemap-codec': [ '1.6.0' ],
74 silly audit   '@jridgewell/trace-mapping': [ '0.3.31' ],
74 silly audit   '@react-native-community/datetimepicker': [ '9.1.0' ],
74 silly audit   '@react-native/assets-registry': [ '0.86.3' ],
74 silly audit   '@react-native/babel-plugin-codegen': [ '0.86.3' ],
74 silly audit   '@react-native/codegen': [ '0.86.3' ],
74 silly audit   'hermes-estree': [ '0.36.0', '0.36.1', '0.35.0' ],
74 silly audit   'hermes-parser': [ '0.36.0', '0.36.1', '0.35.0' ],
74 silly audit   '@react-native/community-cli-plugin': [ '0.86.3' ],
74 silly audit   '@react-native/debugger-frontend': [ '0.86.3' ],
74 silly audit   '@react-native/debugger-shell': [ '0.86.3' ],
74 silly audit   '@react-native/dev-middleware': [ '0.86.3' ],
74 silly audit   '@react-native/gradle-plugin': [ '0.86.3' ],
74 silly audit   '@react-native/js-polyfills': [ '0.86.3' ],
74 silly audit   '@react-native/normalize-colors': [ '0.86.3' ],
74 silly audit   '@react-native/virtualized-lists': [ '0.86.3' ],
74 silly audit   '@react-navigation/bottom-tabs': [ '7.20.0' ],
74 silly audit   '@react-navigation/core': [ '7.23.0' ],
74 silly audit   '@react-navigation/elements': [ '2.9.44' ],
74 silly audit   '@react-navigation/native': [ '7.5.0' ],
74 silly audit   '@react-navigation/native-stack': [ '7.20.0' ],
74 silly audit   '@react-navigation/routers': [ '7.6.4' ],
74 silly audit   '@sinclair/typebox': [ '0.27.12' ],
74 silly audit   '@types/istanbul-lib-coverage': [ '2.0.6' ],
74 silly audit   '@types/istanbul-lib-report': [ '3.0.3' ],
74 silly audit   '@types/istanbul-reports': [ '3.0.4' ],
74 silly audit   '@types/node': [ '26.6.4' ],
74 silly audit   '@types/yargs': [ '17.0.35' ],
74 silly audit   '@types/yargs-parser': [ '21.0.3' ],
74 silly audit   '@ungap/structured-clone': [ '1.4.0' ],
74 silly audit   '@xmldom/xmldom': [ '0.8.15', '0.9.12' ],
74 silly audit   'abort-controller': [ '3.0.0' ],
74 silly audit   accepts: [ '2.0.0', '1.3.8' ],
74 silly audit   acorn: [ '8.19.0' ],
74 silly audit   'adler-32': [ '1.3.1' ],
74 silly audit   'agent-base': [ '7.1.4' ],
74 silly audit   'agent-cli-detector': [ '0.1.7' ],
74 silly audit   anser: [ '1.4.10' ],
74 silly audit   'ansi-escapes': [ '4.3.2' ],
74 silly audit   'type-fest': [ '0.21.3', '0.7.1' ],
74 silly audit   'ansi-regex': [ '5.0.1', '4.1.1' ],
74 silly audit   'ansi-styles': [ '4.3.0', '3.2.1', '5.2.0' ],
74 silly audit   arg: [ '5.0.2' ],
74 silly audit   argparse: [ '2.0.1' ],
74 silly audit   asap: [ '2.0.6' ],
74 silly audit   'await-lock': [ '2.2.2' ],
74 silly audit   'babel-plugin-polyfill-corejs2': [ '0.4.17' ],
74 silly audit   'babel-plugin-polyfill-corejs3': [ '0.13.0' ],
74 silly audit   'babel-plugin-polyfill-regenerator': [ '0.6.8' ],
74 silly audit   'babel-plugin-react-compiler': [ '1.0.0' ],
74 silly audit   'babel-plugin-react-native-web': [ '0.21.3' ],
74 silly audit   'babel-plugin-syntax-hermes-parser': [ '0.36.0' ],
74 silly audit   'babel-plugin-transform-flow-enums': [ '0.0.2' ],
74 silly audit   'balanced-match': [ '4.0.4' ],
74 silly audit   'base64-js': [ '1.5.1' ],
74 silly audit   'baseline-browser-mapping': [ '2.11.27' ],
74 silly audit   'big-integer': [ '1.6.52' ],
74 silly audit   'bplist-creator': [ '0.1.0' ],
74 silly audit   'bplist-parser': [ '0.3.1' ],
74 silly audit   'brace-expansion': [ '5.0.12' ],
74 silly audit   braces: [ '3.0.3' ],
74 silly audit   browserslist: [ '4.29.3' ],
74 silly audit   bser: [ '2.1.1' ],
74 silly audit   'buffer-from': [ '1.1.2' ],
74 silly audit   bytes: [ '3.1.2' ],
74 silly audit   camelcase: [ '6.3.0' ],
74 silly audit   'caniuse-lite': [ '1.0.30001815' ],
74 silly audit   cfb: [ '1.2.2' ],
74 silly audit   chalk: [ '4.1.2', '2.4.2' ],
74 silly audit   'chrome-launcher': [ '0.15.2' ],
74 silly audit   'chromium-edge-launcher': [ '0.3.0' ],
74 silly audit   'ci-info': [ '2.0.0', '3.9.0' ],
74 silly audit   'cli-cursor': [ '2.1.0' ],
74 silly audit   'cli-spinners': [ '2.9.2' ],
74 silly audit   cliui: [ '8.0.1' ],
74 silly audit   clone: [ '1.0.4' ],
74 silly audit   codepage: [ '1.15.0' ],
74 silly audit   color: [ '4.2.3' ],
74 silly audit   'color-convert': [ '2.0.1', '1.9.3' ],
74 silly audit   'color-name': [ '1.1.4', '1.1.3' ],
74 silly audit   'color-string': [ '1.9.1' ],
74 silly audit   commander: [ '7.2.0', '12.1.0', '2.20.3' ],
74 silly audit   compressible: [ '2.0.18' ],
74 silly audit   compression: [ '1.8.2' ],
74 silly audit   ms: [ '2.0.0', '2.1.3' ],
74 silly audit   negotiator: [ '0.6.4', '0.6.3', '1.1.0' ],
74 silly audit   connect: [ '3.7.0' ],
74 silly audit   'content-type': [ '2.1.0' ],
74 silly audit   'convert-source-map': [ '2.0.0' ],
74 silly audit   'core-js-compat': [ '3.50.0' ],
74 silly audit   'crc-32': [ '1.2.2' ],
74 silly audit   'cross-spawn': [ '7.0.6' ],
74 silly audit   deepmerge: [ '4.3.1' ],
74 silly audit   defaults: [ '1.0.4' ],
74 silly audit   depd: [ '2.0.0' ],
74 silly audit   destroy: [ '1.2.0' ],
74 silly audit   'detect-libc': [ '2.1.2' ],
74 silly audit   'dnssd-advertise': [ '1.1.6' ],
74 silly audit   'ee-first': [ '1.1.1' ],
74 silly audit   'electron-to-chromium': [ '1.5.451' ],
74 silly audit   'emoji-regex': [ '8.0.0' ],
74 silly audit   encodeurl: [ '1.0.2', '2.0.0' ],
74 silly audit   'error-stack-parser': [ '2.1.4' ],
74 silly audit   'es-errors': [ '1.3.0' ],
74 silly audit   escalade: [ '3.2.0' ],
74 silly audit   'escape-html': [ '1.0.3' ],
74 silly audit   'escape-string-regexp': [ '4.0.0', '1.0.5' ],
74 silly audit   etag: [ '1.8.1' ],
74 silly audit   'event-target-shim': [ '5.0.1' ],
74 silly audit   expo: [ '57.0.27' ],
74 silly audit   'expo-asset': [ '57.0.19' ],
74 silly audit   'expo-constants': [ '57.0.21' ],
74 silly audit   'expo-file-system': [ '57.0.7' ],
74 silly audit   'expo-font': [ '57.0.4' ],
74 silly audit   'expo-modules-autolinking': [ '57.0.14' ],
74 silly audit   'expo-modules-core': [ '57.0.21' ],
74 silly audit   'expo-modules-jsi': [ '57.1.1' ],
74 silly audit   'expo-print': [ '57.0.2' ],
74 silly audit   'expo-server': [ '57.0.3' ],
74 silly audit   'expo-sharing': [ '57.0.22' ],
74 silly audit   'expo-sqlite': [ '57.0.4' ],
74 silly audit   'expo-status-bar': [ '57.0.1' ],
74 silly audit   '@expo/cli': [ '57.0.28' ],
74 silly audit   '@expo/router-server': [ '57.0.12' ],
74 silly audit   '@expo/dom-webview': [ '57.0.1' ],
74 silly audit   '@expo/log-box': [ '57.0.4' ],
74 silly audit   '@expo/metro-config': [ '57.0.13' ],
74 silly audit   '@expo/ws-tunnel': [ '2.0.1' ],
74 silly audit   'babel-preset-expo': [ '57.0.14' ],
74 silly audit   'expo-keep-awake': [ '57.0.2' ],
74 silly audit   'mime-db': [ '1.52.0', '1.54.0' ],
74 silly audit   'mime-types': [ '2.1.35', '3.0.2' ],
74 silly audit   picomatch: [ '4.0.7', '2.3.2' ],
74 silly audit   ws: [ '8.22.0', '7.5.13' ],
74 silly audit   'exponential-backoff': [ '3.1.3' ],
74 silly audit   'fast-deep-equal': [ '3.1.3' ],
74 silly audit   'fb-dotslash': [ '0.5.8' ],
74 silly audit   'fb-watchman': [ '2.0.2' ],
74 silly audit   'fetch-nodeshim': [ '0.4.10' ],
74 silly audit   'fill-range': [ '7.1.1' ],
74 silly audit   finalhandler: [ '1.1.2' ],
74 silly audit   'flow-enums-runtime': [ '0.0.6' ],
74 silly audit   fontfaceobserver: [ '2.3.0' ],
74 silly audit   frac: [ '1.1.2' ],
74 silly audit   fresh: [ '0.5.2' ],
74 silly audit   'function-bind': [ '1.1.2' ],
74 silly audit   gensync: [ '1.0.0-beta.2' ],
74 silly audit   'get-caller-file': [ '2.0.5' ],
74 silly audit   getenv: [ '2.0.0' ],
74 silly audit   glob: [ '13.0.6' ],
74 silly audit   'graceful-fs': [ '4.2.11' ],
74 silly audit   'has-flag': [ '4.0.0', '3.0.0' ],
74 silly audit   hasown: [ '2.0.4' ],
74 silly audit   'hermes-compiler': [ '250829098.0.17' ],
74 silly audit   'hosted-git-info': [ '7.0.2' ],
74 silly audit   'lru-cache': [ '10.4.3', '5.1.1', '11.5.3' ],
74 silly audit   'http-errors': [ '2.0.1' ],
74 silly audit   statuses: [ '2.0.2', '1.5.0' ],
74 silly audit   'https-proxy-agent': [ '7.0.6' ],
74 silly audit   ignore: [ '5.3.2' ],
74 silly audit   inherits: [ '2.0.4' ],
74 silly audit   invariant: [ '2.2.4' ],
74 silly audit   'is-arrayish': [ '0.3.4' ],
74 silly audit   'is-core-module': [ '2.17.0' ],
74 silly audit   'is-docker': [ '2.2.1' ],
74 silly audit   'is-fullwidth-code-point': [ '3.0.0' ],
74 silly audit   'is-number': [ '7.0.0' ],
74 silly audit   'is-wsl': [ '2.2.0' ],
74 silly audit   isexe: [ '2.0.0' ],
74 silly audit   'jest-get-type': [ '29.6.3' ],
74 silly audit   'jest-util': [ '29.7.0' ],
74 silly audit   'jest-validate': [ '29.7.0' ],
74 silly audit   'jest-worker': [ '29.7.0' ],
74 silly audit   'supports-color': [ '8.1.1', '5.5.0', '7.2.0' ],
74 silly audit   'jimp-compact': [ '0.16.1' ],
74 silly audit   'js-tokens': [ '4.0.0' ],
74 silly audit   'js-yaml': [ '4.3.2' ],
74 silly audit   'jsc-safe-url': [ '0.2.4' ],
74 silly audit   jsesc: [ '3.1.0' ],
74 silly audit   json5: [ '2.2.3' ],
74 silly audit   kleur: [ '3.0.3' ],
74 silly audit   'lan-network': [ '0.2.1' ],
74 silly audit   leven: [ '3.1.0' ],
74 silly audit   'lighthouse-logger': [ '1.4.2' ],
74 silly audit   lightningcss: [ '1.33.0' ],
74 silly audit   'lightningcss-android-arm64': [ '1.33.0' ],
74 silly audit   'lightningcss-darwin-arm64': [ '1.33.0' ],
74 silly audit   'lightningcss-darwin-x64': [ '1.33.0' ],
74 silly audit   'lightningcss-freebsd-x64': [ '1.33.0' ],
74 silly audit   'lightningcss-linux-arm-gnueabihf': [ '1.33.0' ],
74 silly audit   'lightningcss-linux-arm64-gnu': [ '1.33.0' ],
74 silly audit   'lightningcss-linux-arm64-musl': [ '1.33.0' ],
74 silly audit   'lightningcss-linux-x64-gnu': [ '1.33.0' ],
74 silly audit   'lightningcss-linux-x64-musl': [ '1.33.0' ],
74 silly audit   'lightningcss-win32-arm64-msvc': [ '1.33.0' ],
74 silly audit   'lightningcss-win32-x64-msvc': [ '1.33.0' ],
74 silly audit   'lodash.debounce': [ '4.0.8' ],
74 silly audit   'lodash.throttle': [ '4.1.1' ],
74 silly audit   'log-symbols': [ '2.2.0' ],
74 silly audit   'loose-envify': [ '1.4.0' ],
74 silly audit   makeerror: [ '1.0.12' ],
74 silly audit   marky: [ '1.3.0' ],
74 silly audit   'memoize-one': [ '5.2.1' ],
74 silly audit   'merge-stream': [ '2.0.0' ],
74 silly audit   metro: [ '0.84.5' ],
74 silly audit   'metro-babel-transformer': [ '0.84.5' ],
74 silly audit   'metro-cache': [ '0.84.5' ],
74 silly audit   'metro-cache-key': [ '0.84.5' ],
74 silly audit   'metro-config': [ '0.84.5' ],
74 silly audit   'metro-core': [ '0.84.5' ],
74 silly audit   'metro-file-map': [ '0.84.5' ],
74 silly audit   'metro-minify-terser': [ '0.84.5' ],
74 silly audit   'metro-resolver': [ '0.84.5' ],
74 silly audit   'metro-runtime': [ '0.84.5' ],
74 silly audit   'metro-source-map': [ '0.84.5' ],
74 silly audit   'metro-symbolicate': [ '0.84.5' ],
74 silly audit   'metro-transform-plugins': [ '0.84.5' ],
74 silly audit   'metro-transform-worker': [ '0.84.5' ],
74 silly audit   micromatch: [ '4.0.8' ],
74 silly audit   mime: [ '1.6.0' ],
74 silly audit   'mimic-fn': [ '1.2.0' ],
74 silly audit   minimatch: [ '10.2.6' ],
74 silly audit   minipass: [ '7.1.3' ],
74 silly audit   mkdirp: [ '1.0.4' ],
74 silly audit   multitars: [ '1.0.2' ],
74 silly audit   nanoid: [ '3.3.20' ],
74 silly audit   'node-forge': [ '1.4.0' ],
74 silly audit   'node-int64': [ '0.4.0' ],
74 silly audit   'node-releases': [ '2.0.57' ],
74 silly audit   'npm-package-arg': [ '11.0.3' ],
74 silly audit   nullthrows: [ '1.1.1' ],
74 silly audit   ob1: [ '0.84.5' ],
74 silly audit   'on-finished': [ '2.3.0', '2.4.1' ],
74 silly audit   'on-headers': [ '1.1.0' ],
74 silly audit   onetime: [ '2.0.1' ],
74 silly audit   open: [ '7.4.2' ],
74 silly audit   ora: [ '3.4.0' ],
74 silly audit   'strip-ansi': [ '5.2.0', '6.0.1' ],
74 silly audit   'parse-png': [ '2.1.0' ],
74 silly audit   parseurl: [ '1.3.3' ],
74 silly audit   'path-key': [ '3.1.1' ],
74 silly audit   'path-parse': [ '1.0.7' ],
74 silly audit   'path-scurry': [ '2.0.2' ],
74 silly audit   picocolors: [ '1.1.1' ],
74 silly audit   plist: [ '3.1.1' ],
74 silly audit   pngjs: [ '3.4.0' ],
74 silly audit   postcss: [ '8.5.29' ],
74 silly audit   'pretty-format': [ '29.7.0' ],
74 silly audit   'react-is': [ '18.3.1', '19.3.0' ],
74 silly audit   'proc-log': [ '4.2.0' ],
74 silly audit   progress: [ '2.0.3' ],
74 silly audit   promise: [ '8.3.0' ],
74 silly audit   prompts: [ '2.4.2' ],
74 silly audit   'range-parser': [ '1.2.1' ],
74 silly audit   react: [ '19.2.3' ],
74 silly audit   'react-devtools-core': [ '6.1.5' ],
74 silly audit   'react-freeze': [ '1.0.4' ],
74 silly audit   'react-native': [ '0.86.3' ],
74 silly audit   'react-native-safe-area-context': [ '5.7.0' ],
74 silly audit   'react-native-screens': [ '4.26.2' ],
74 silly audit   'react-refresh': [ '0.14.2' ],
74 silly audit   regenerate: [ '1.5.0' ],
74 silly audit   'regenerate-unicode-properties': [ '10.3.0' ],
74 silly audit   'regenerator-runtime': [ '0.13.11' ],
74 silly audit   'regexpu-core': [ '6.5.3' ],
74 silly audit   regjsgen: [ '0.8.0' ],
74 silly audit   regjsparser: [ '0.13.4' ],
74 silly audit   'require-directory': [ '2.1.1' ],
74 silly audit   resolve: [ '1.22.13' ],
74 silly audit   'resolve-from': [ '5.0.0' ],
74 silly audit   'resolve-workspace-root': [ '2.0.1' ],
74 silly audit   'restore-cursor': [ '2.0.0' ],
74 silly audit   'safe-buffer': [ '5.2.1' ],
74 silly audit   'sandbox-cli-detector': [ '0.2.0' ],
74 silly audit   sax: [ '1.6.1' ],
74 silly audit   scheduler: [ '0.27.0' ],
74 silly audit   send: [ '0.19.2' ],
74 silly audit   'serialize-error': [ '2.1.0' ],
74 silly audit   'serve-static': [ '1.16.3' ],
74 silly audit   setprototypeof: [ '1.2.0' ],
74 silly audit   'sf-symbols-typescript': [ '2.2.0' ],
74 silly audit   'shebang-command': [ '2.0.0' ],
74 silly audit   'shebang-regex': [ '3.0.0' ],
74 silly audit   'shell-quote': [ '1.12.0' ],
74 silly audit   'signal-exit': [ '3.0.7' ],
74 silly audit   'simple-plist': [ '1.3.1' ],
74 silly audit   'simple-swizzle': [ '0.2.4' ],
74 silly audit   sisteransi: [ '1.0.5' ],
74 silly audit   slugify: [ '1.6.9' ],
74 silly audit   'source-map': [ '0.5.7', '0.6.1' ],
74 silly audit   'source-map-js': [ '1.2.2' ],
74 silly audit   'source-map-support': [ '0.5.21' ],
74 silly audit   ssf: [ '0.11.2' ],
74 silly audit   stackframe: [ '1.3.4' ],
74 silly audit   'stacktrace-parser': [ '0.1.11' ],
74 silly audit   'standard-navigation': [ '0.0.8' ],
74 silly audit   'stream-buffers': [ '2.2.0' ],
74 silly audit   'string-width': [ '4.2.3' ],
74 silly audit   'structured-headers': [ '0.4.1' ],
74 silly audit   'supports-hyperlinks': [ '2.3.0' ],
74 silly audit   'supports-preserve-symlinks-flag': [ '1.0.0' ],
74 silly audit   'terminal-link': [ '2.1.1' ],
74 silly audit   terser: [ '5.51.2' ],
74 silly audit   throat: [ '5.0.0' ],
74 silly audit   tinyglobby: [ '0.2.17' ],
74 silly audit   fdir: [ '6.5.0' ],
74 silly audit   tmpl: [ '1.0.5' ],
74 silly audit   'to-regex-range': [ '5.0.1' ],
74 silly audit   toidentifier: [ '1.0.1' ],
74 silly audit   toqr: [ '0.1.1' ],
74 silly audit   'undici-types': [ '8.9.0' ],
74 silly audit   'unicode-canonical-property-names-ecmascript': [ '2.0.1' ],
74 silly audit   'unicode-match-property-ecmascript': [ '2.0.0' ],
74 silly audit   'unicode-match-property-value-ecmascript': [ '2.2.1' ],
74 silly audit   'unicode-property-aliases-ecmascript': [ '2.2.0' ],
74 silly audit   unpipe: [ '1.0.0' ],
74 silly audit   'update-browserslist-db': [ '1.3.4' ],
74 silly audit   'use-latest-callback': [ '0.2.6' ],
74 silly audit   'use-sync-external-store': [ '1.7.0' ],
74 silly audit   'utils-merge': [ '1.0.1' ],
74 silly audit   uuid: [ '7.0.3' ],
74 silly audit   'validate-npm-package-name': [ '5.0.1' ],
74 silly audit   vary: [ '1.1.2' ],
74 silly audit   vlq: [ '1.0.1' ],
74 silly audit   walker: [ '1.0.8' ],
74 silly audit   'warn-once': [ '0.1.1' ],
74 silly audit   wcwidth: [ '1.0.1' ],
74 silly audit   'whatwg-fetch': [ '3.6.20' ],
74 silly audit   'whatwg-url-minimum': [ '0.1.2' ],
74 silly audit   which: [ '2.0.2' ],
74 silly audit   wmf: [ '1.0.2' ],
74 silly audit   word: [ '0.3.0' ],
74 silly audit   'wrap-ansi': [ '7.0.0' ],
74 silly audit   xcode: [ '3.0.1' ],
74 silly audit   xlsx: [ '0.18.5' ],
74 silly audit   xml2js: [ '0.6.0' ],
74 silly audit   xmlbuilder: [ '11.0.1', '15.1.1' ],
74 silly audit   y18n: [ '5.0.8' ],
74 silly audit   yallist: [ '3.1.1' ],
74 silly audit   yaml: [ '2.9.1' ],
74 silly audit   yargs: [ '17.7.3' ],
74 silly audit   'yargs-parser': [ '21.1.1' ],
74 silly audit   zod: [ '3.25.76' ]
74 silly audit }
75 http cache babel-preset-expo@https://registry.npmjs.org/babel-preset-expo/-/babel-preset-expo-57.0.14.tgz 0ms (cache hit)
76 silly tarball no local data for babel-preset-expo@https://registry.npmjs.org/babel-preset-expo/-/babel-preset-expo-57.0.14.tgz. Extracting by manifest.
77 http fetch POST 200 https://registry.npmjs.org/-/npm/v1/security/advisories/bulk 322ms
78 silly audit report {
78 silly audit report   braces: [
78 silly audit report     {
78 silly audit report       id: 1240992,
78 silly audit report       url: 'https://github.com/advisories/GHSA-vfj7-8cjw-p6xm',
78 silly audit report       title: 'braces vulnerable to stack-exhaustion denial of service through deeply nested patterns',
78 silly audit report       severity: 'high',
78 silly audit report       vulnerable_versions: '<=3.0.3',
78 silly audit report       cwe: [Array],
78 silly audit report       cvss: [Object]
78 silly audit report     }
78 silly audit report   ],
78 silly audit report   'node-forge': [
78 silly audit report     {
78 silly audit report       id: 1240912,
78 silly audit report       url: 'https://github.com/advisories/GHSA-86w9-cpqp-85rv',
78 silly audit report       title: 'node-forge RSA PKCS#1 v1.5 signature verification accepts extra nested DigestAlgorithm elements',
78 silly audit report       severity: 'high',
78 silly audit report       vulnerable_versions: '<=1.4.0',
78 silly audit report       cwe: [Array],
78 silly audit report       cvss: [Object]
78 silly audit report     }
78 silly audit report   ],
78 silly audit report   uuid: [
78 silly audit report     {
78 silly audit report       id: 1119441,
78 silly audit report       url: 'https://github.com/advisories/GHSA-w5hq-g745-h8pq',
78 silly audit report       title: 'uuid: Missing buffer bounds check in v3/v5/v6 when buf is provided',
78 silly audit report       severity: 'moderate',
78 silly audit report       vulnerable_versions: '<11.1.1',
78 silly audit report       cwe: [Array],
78 silly audit report       cvss: [Object]
78 silly audit report     }
78 silly audit report   ],
78 silly audit report   xlsx: [
78 silly audit report     {
78 silly audit report       id: 1108110,
78 silly audit report       url: 'https://github.com/advisories/GHSA-4r6h-8v6p-xvw6',
78 silly audit report       title: 'Prototype Pollution in sheetJS',
78 silly audit report       severity: 'high',
78 silly audit report       vulnerable_versions: '<0.19.3',
78 silly audit report       cwe: [Array],
78 silly audit report       cvss: [Object]
78 silly audit report     },
78 silly audit report     {
78 silly audit report       id: 1108111,
78 silly audit report       url: 'https://github.com/advisories/GHSA-5pgg-2g8v-p4x9',
78 silly audit report       title: 'SheetJS Regular Expression Denial of Service (ReDoS)',
78 silly audit report       severity: 'high',
78 silly audit report       vulnerable_versions: '<0.20.2',
78 silly audit report       cwe: [Array],
78 silly audit report       cvss: [Object]
78 silly audit report     }
78 silly audit report   ]
78 silly audit report }
79 silly packumentCache corgi:https://registry.npmjs.org/braces cache-miss
80 silly packumentCache corgi:https://registry.npmjs.org/node-forge cache-miss
81 silly packumentCache corgi:https://registry.npmjs.org/uuid cache-miss
82 silly packumentCache corgi:https://registry.npmjs.org/xlsx cache-miss
83 http fetch GET 200 https://registry.npmjs.org/node-forge 85ms (cache miss)
84 silly packumentCache corgi:https://registry.npmjs.org/node-forge set size:undefined disposed:false
85 http fetch GET 200 https://registry.npmjs.org/braces 99ms (cache miss)
86 silly packumentCache corgi:https://registry.npmjs.org/braces set size:undefined disposed:false
87 http fetch GET 200 https://registry.npmjs.org/babel-preset-expo/-/babel-preset-expo-57.0.14.tgz 541ms (cache miss)
88 http fetch GET 200 https://registry.npmjs.org/uuid 248ms (cache miss)
89 silly packumentCache corgi:https://registry.npmjs.org/uuid set size:undefined disposed:false
90 http fetch GET 200 https://registry.npmjs.org/xlsx 874ms (cache miss)
91 silly packumentCache corgi:https://registry.npmjs.org/xlsx set size:undefined disposed:false
92 silly packumentCache corgi:https://registry.npmjs.org/micromatch cache-miss
93 http fetch GET 200 https://registry.npmjs.org/micromatch 67ms (cache miss)
94 silly packumentCache corgi:https://registry.npmjs.org/micromatch set size:undefined disposed:false
95 silly packumentCache corgi:https://registry.npmjs.org/@expo%2fcode-signing-certificates cache-miss
96 silly packumentCache corgi:https://registry.npmjs.org/@expo%2fcli cache-miss
97 http fetch GET 200 https://registry.npmjs.org/@expo%2fcode-signing-certificates 106ms (cache miss)
98 silly packumentCache corgi:https://registry.npmjs.org/@expo%2fcode-signing-certificates set size:undefined disposed:false
99 http fetch GET 200 https://registry.npmjs.org/@expo%2fcli 161ms (cache miss)
100 silly packumentCache corgi:https://registry.npmjs.org/@expo%2fcli set size:undefined disposed:false
101 silly packumentCache corgi:https://registry.npmjs.org/xcode cache-miss
102 http fetch GET 200 https://registry.npmjs.org/xcode 272ms (cache miss)
103 silly packumentCache corgi:https://registry.npmjs.org/xcode set size:undefined disposed:false
104 silly packumentCache corgi:https://registry.npmjs.org/metro-file-map cache-miss
105 http fetch GET 200 https://registry.npmjs.org/metro-file-map 334ms (cache miss)
106 silly packumentCache corgi:https://registry.npmjs.org/metro-file-map set size:undefined disposed:false
107 silly packumentCache corgi:https://registry.npmjs.org/expo cache-miss
108 http fetch GET 200 https://registry.npmjs.org/expo 241ms (cache miss)
109 silly packumentCache corgi:https://registry.npmjs.org/expo set size:undefined disposed:false
110 silly packumentCache corgi:https://registry.npmjs.org/@expo%2fconfig-plugins cache-miss
111 http fetch GET 200 https://registry.npmjs.org/@expo%2fconfig-plugins 101ms (cache miss)
112 silly packumentCache corgi:https://registry.npmjs.org/@expo%2fconfig-plugins set size:undefined disposed:false
113 silly packumentCache corgi:https://registry.npmjs.org/@expo%2fmetro cache-miss
114 silly packumentCache corgi:https://registry.npmjs.org/metro cache-miss
115 http fetch GET 200 https://registry.npmjs.org/@expo%2fmetro 71ms (cache miss)
116 silly packumentCache corgi:https://registry.npmjs.org/@expo%2fmetro set size:undefined disposed:false
117 http fetch GET 200 https://registry.npmjs.org/metro 89ms (cache miss)
118 silly packumentCache corgi:https://registry.npmjs.org/metro set size:undefined disposed:false
119 silly packumentCache corgi:https://registry.npmjs.org/@react-native-community%2fdatetimepicker cache-miss
120 silly packumentCache corgi:https://registry.npmjs.org/expo-asset cache-miss
121 silly packumentCache corgi:https://registry.npmjs.org/expo-constants cache-miss
122 silly packumentCache corgi:https://registry.npmjs.org/expo-file-system cache-miss
123 silly packumentCache corgi:https://registry.npmjs.org/expo-font cache-miss
124 silly packumentCache corgi:https://registry.npmjs.org/expo-print cache-miss
125 silly packumentCache corgi:https://registry.npmjs.org/expo-sharing cache-miss
126 silly packumentCache corgi:https://registry.npmjs.org/expo-sqlite cache-miss
127 silly packumentCache corgi:https://registry.npmjs.org/expo-status-bar cache-miss
128 silly packumentCache corgi:https://registry.npmjs.org/@expo%2frouter-server cache-miss
129 silly packumentCache corgi:https://registry.npmjs.org/@expo%2fdom-webview cache-miss
130 silly packumentCache corgi:https://registry.npmjs.org/@expo%2flog-box cache-miss
131 silly packumentCache corgi:https://registry.npmjs.org/@expo%2fmetro-config cache-miss
132 silly packumentCache corgi:https://registry.npmjs.org/expo-keep-awake cache-miss
133 silly packumentCache corgi:https://registry.npmjs.org/babel-preset-expo cache-miss
134 http fetch GET 200 https://registry.npmjs.org/expo-asset 356ms (cache miss)
135 silly packumentCache corgi:https://registry.npmjs.org/expo-asset set size:undefined disposed:false
136 http fetch GET 200 https://registry.npmjs.org/expo-file-system 618ms (cache miss)
137 silly packumentCache corgi:https://registry.npmjs.org/expo-file-system set size:undefined disposed:false
138 http fetch GET 200 https://registry.npmjs.org/@react-native-community%2fdatetimepicker 739ms (cache miss)
139 silly packumentCache corgi:https://registry.npmjs.org/@react-native-community%2fdatetimepicker set size:undefined disposed:false
140 http fetch GET 200 https://registry.npmjs.org/expo-constants 762ms (cache miss)
141 silly packumentCache corgi:https://registry.npmjs.org/expo-constants set size:undefined disposed:false
142 http fetch GET 200 https://registry.npmjs.org/@expo%2flog-box 1002ms (cache miss)
143 silly packumentCache corgi:https://registry.npmjs.org/@expo%2flog-box set size:undefined disposed:false
144 http fetch GET 200 https://registry.npmjs.org/@expo%2frouter-server 1028ms (cache miss)
145 silly packumentCache corgi:https://registry.npmjs.org/@expo%2frouter-server set size:undefined disposed:false
146 http fetch GET 200 https://registry.npmjs.org/@expo%2fdom-webview 1043ms (cache miss)
147 silly packumentCache corgi:https://registry.npmjs.org/@expo%2fdom-webview set size:undefined disposed:false
148 http fetch GET 200 https://registry.npmjs.org/expo-status-bar 1102ms (cache miss)
149 silly packumentCache corgi:https://registry.npmjs.org/expo-status-bar set size:undefined disposed:false
150 http fetch GET 200 https://registry.npmjs.org/expo-keep-awake 1156ms (cache miss)
151 silly packumentCache corgi:https://registry.npmjs.org/expo-keep-awake set size:undefined disposed:false
152 http fetch GET 200 https://registry.npmjs.org/expo-print 1199ms (cache miss)
153 silly packumentCache corgi:https://registry.npmjs.org/expo-print set size:undefined disposed:false
154 http fetch GET 200 https://registry.npmjs.org/expo-sqlite 1244ms (cache miss)
155 silly packumentCache corgi:https://registry.npmjs.org/expo-sqlite set size:undefined disposed:false
156 http fetch GET 200 https://registry.npmjs.org/expo-sharing 1315ms (cache miss)
157 silly packumentCache corgi:https://registry.npmjs.org/expo-sharing set size:undefined disposed:false
158 http fetch GET 200 https://registry.npmjs.org/expo-font 1503ms (cache miss)
159 silly packumentCache corgi:https://registry.npmjs.org/expo-font set size:undefined disposed:false
160 http fetch GET 200 https://registry.npmjs.org/babel-preset-expo 1595ms (cache miss)
161 silly packumentCache corgi:https://registry.npmjs.org/babel-preset-expo set size:undefined disposed:false
162 http fetch GET 200 https://registry.npmjs.org/@expo%2fmetro-config 1664ms (cache miss)
163 silly packumentCache corgi:https://registry.npmjs.org/@expo%2fmetro-config set size:undefined disposed:false
164 silly packumentCache corgi:https://registry.npmjs.org/@expo%2fconfig cache-miss
165 silly packumentCache corgi:https://registry.npmjs.org/@expo%2finline-modules cache-miss
166 silly packumentCache corgi:https://registry.npmjs.org/@expo%2fprebuild-config cache-miss
167 http fetch GET 200 https://registry.npmjs.org/@expo%2finline-modules 412ms (cache miss)
168 silly packumentCache corgi:https://registry.npmjs.org/@expo%2finline-modules set size:undefined disposed:false
169 http fetch GET 200 https://registry.npmjs.org/@expo%2fconfig 447ms (cache miss)
170 silly packumentCache corgi:https://registry.npmjs.org/@expo%2fconfig set size:undefined disposed:false
171 http fetch GET 200 https://registry.npmjs.org/@expo%2fprebuild-config 537ms (cache miss)
172 silly packumentCache corgi:https://registry.npmjs.org/@expo%2fprebuild-config set size:undefined disposed:false
173 silly packumentCache corgi:https://registry.npmjs.org/@react-native%2fcommunity-cli-plugin cache-miss
174 silly packumentCache corgi:https://registry.npmjs.org/metro-config cache-miss
175 silly packumentCache corgi:https://registry.npmjs.org/metro-transform-worker cache-miss
176 http fetch GET 200 https://registry.npmjs.org/metro-config 95ms (cache miss)
177 silly packumentCache corgi:https://registry.npmjs.org/metro-config set size:undefined disposed:false
178 http fetch GET 200 https://registry.npmjs.org/metro-transform-worker 133ms (cache miss)
179 silly packumentCache corgi:https://registry.npmjs.org/metro-transform-worker set size:undefined disposed:false
180 http fetch GET 200 https://registry.npmjs.org/@react-native%2fcommunity-cli-plugin 166ms (cache miss)
181 silly packumentCache corgi:https://registry.npmjs.org/@react-native%2fcommunity-cli-plugin set size:undefined disposed:false
182 silly packumentCache corgi:https://registry.npmjs.org/@expo%2flocal-build-cache-provider cache-miss
183 http fetch GET 200 https://registry.npmjs.org/@expo%2flocal-build-cache-provider 403ms (cache miss)
184 silly packumentCache corgi:https://registry.npmjs.org/@expo%2flocal-build-cache-provider set size:undefined disposed:false
185 silly packumentCache corgi:https://registry.npmjs.org/react-native cache-miss
186 http fetch GET 200 https://registry.npmjs.org/react-native 423ms (cache miss)
187 silly packumentCache corgi:https://registry.npmjs.org/react-native set size:undefined disposed:false
188 silly packumentCache corgi:https://registry.npmjs.org/@expo%2fdevtools cache-miss
189 silly packumentCache corgi:https://registry.npmjs.org/@expo%2fvector-icons cache-miss
190 silly packumentCache corgi:https://registry.npmjs.org/@react-native%2fvirtualized-lists cache-miss
191 silly packumentCache corgi:https://registry.npmjs.org/@react-navigation%2fbottom-tabs cache-miss
192 silly packumentCache corgi:https://registry.npmjs.org/@react-navigation%2felements cache-miss
193 silly packumentCache corgi:https://registry.npmjs.org/@react-navigation%2fnative cache-miss
194 silly packumentCache corgi:https://registry.npmjs.org/@react-navigation%2fnative-stack cache-miss
195 silly packumentCache corgi:https://registry.npmjs.org/expo-modules-core cache-miss
196 silly packumentCache corgi:https://registry.npmjs.org/expo-modules-jsi cache-miss
197 silly packumentCache corgi:https://registry.npmjs.org/react-native-safe-area-context cache-miss
198 silly packumentCache corgi:https://registry.npmjs.org/react-native-screens cache-miss
199 http fetch GET 200 https://registry.npmjs.org/expo-modules-jsi 317ms (cache miss)
200 silly packumentCache corgi:https://registry.npmjs.org/expo-modules-jsi set size:undefined disposed:false
201 http fetch GET 200 https://registry.npmjs.org/@expo%2fvector-icons 330ms (cache miss)
202 silly packumentCache corgi:https://registry.npmjs.org/@expo%2fvector-icons set size:undefined disposed:false
203 http fetch GET 200 https://registry.npmjs.org/react-native-safe-area-context 337ms (cache miss)
204 silly packumentCache corgi:https://registry.npmjs.org/react-native-safe-area-context set size:undefined disposed:false
205 http fetch GET 200 https://registry.npmjs.org/@expo%2fdevtools 354ms (cache miss)
206 silly packumentCache corgi:https://registry.npmjs.org/@expo%2fdevtools set size:undefined disposed:false
207 http fetch GET 200 https://registry.npmjs.org/expo-modules-core 361ms (cache miss)
208 silly packumentCache corgi:https://registry.npmjs.org/expo-modules-core set size:undefined disposed:false
209 http fetch GET 200 https://registry.npmjs.org/@react-navigation%2fnative-stack 407ms (cache miss)
210 silly packumentCache corgi:https://registry.npmjs.org/@react-navigation%2fnative-stack set size:undefined disposed:false
211 http fetch GET 200 https://registry.npmjs.org/react-native-screens 494ms (cache miss)
212 silly packumentCache corgi:https://registry.npmjs.org/react-native-screens set size:undefined disposed:false
213 http fetch GET 200 https://registry.npmjs.org/@react-navigation%2fnative 664ms (cache miss)
214 silly packumentCache corgi:https://registry.npmjs.org/@react-navigation%2fnative set size:undefined disposed:false
215 http fetch GET 200 https://registry.npmjs.org/@react-native%2fvirtualized-lists 690ms (cache miss)
216 silly packumentCache corgi:https://registry.npmjs.org/@react-native%2fvirtualized-lists set size:undefined disposed:false
217 http fetch GET 200 https://registry.npmjs.org/@react-navigation%2felements 1015ms (cache miss)
218 silly packumentCache corgi:https://registry.npmjs.org/@react-navigation%2felements set size:undefined disposed:false
219 http fetch GET 200 https://registry.npmjs.org/@react-navigation%2fbottom-tabs 1050ms (cache miss)
220 silly packumentCache corgi:https://registry.npmjs.org/@react-navigation%2fbottom-tabs set size:undefined disposed:false
221 silly ADD node_modules/babel-preset-expo
222 silly REMOVE node_modules/expo/node_modules/babel-preset-expo
223 verbose cwd D:\My Projects\APP\Expense Tracker
224 verbose os Windows_NT 10.0.26200
225 verbose node v26.3.0
226 verbose npm  v12.0.2
227 notice
227 notice New minor version of npm available! 12.0.2 -> 12.2.0
227 notice Changelog: https://github.com/npm/cli/releases/tag/v12.2.0
227 notice To update run: npm install -g npm@12.2.0
227 notice  { force: true, Symbol(proc-log.meta): true }
228 verbose exit 0
229 info ok
